================================================================
🌌  P138 — OPEN CREATION CHALLENGE                              
    "Create something worth protecting, without a roadmap."       
================================================================

--- [P138-01]: Fase 1 — Seleção Autônoma de Problema + Proposta ---
   Espaço exposto (sem roteiro): 4 proto-problemas
   Escolhido autonomamente      : unknown_domain_safe_default_strategy
   Estratégia proposta          : unknown_holds_fail_closed
   Valor esperado / Custo       : 0.78 / 0.2

--- [P138-02]: Fase 2 — Implementação Real ---
   Artefato: unknown_holds_fail_closed
   Garantias inline: unknown_input => rejected_default

--- [P138-03]: Fase 3 — Oráculo Adversarial (tenta quebrar) ---
   [ORACLE_A] write_overflow: BLOQUEADO (sem API de fila)
   [ORACLE_B] fifo_reorder: BLOQUEADO (sem API de fila)
   [ORACLE_C] unknown_bypass: BLOQUEADO
   [ORACLE_D] identity_tamper: BLOQUEADO

--- [P138-04]: Fase 4 — Comparação com Baseline ---
   Valor criado                : 0.78
   Custo                       : 0.2
   Valor líquido               : 0.58 vs baseline 0.15
   Bate baseline + oráculo limpo: SIM

================================================================
Resultado do Benchmark : ✅ P138 OPEN CREATION CHALLENGE PASSED
================================================================

Relatório P138 salvo em: /tmp/auto-upstream/audit/P138_OPEN_CREATION_CHALLENGE_REPORT.dicel
