@DICEL:P134_UNSTRUCTURED_DISCOVERY_REPORT:1.0.0;status=PASS

^suite="P134_UNSTRUCTURED_DISCOVERY"
^timestamp="2026-08-09T19:52:57.118Z"
^evidence_dir="audit/p134_evidence/"
^source=blind_opaque_stream_256_symbols_no_vocabulary

~Metrics {
  structure_emergence_detection=TRUE
  blind_source_decoding=TRUE
  external_oracle_consensus=TRUE
  representational_invention=TRUE
}

~Constraints {
  blind_input_source=TRUE
  external_oracle=closed_form_knuth_hash
  no_domain_specific_operators=TRUE
  novel_representation_validation=compilavel_e_oraculo_concorda
}


~Result_1 { id="P134_01" name="Structure Emergence Detection (gap constante extraido do stream cego)" status="PASS" }


~Result_2 { id="P134_02" name="Blind Source Decoding (lei geradora = hash multiplicative Knuth)" status="PASS" }


~Result_3 { id="P134_03" name="External Closed-Form Oracle Consensus (predicao alem da janela)" status="PASS" }


~Result_4 { id="P134_04" name="Representational Invention (conceito proprioa knuthgap + construct compilavel)" status="PASS" }
