@DICEL:P129_RECURSIVE_META_EVOLUTION_REPORT:1.0.0;status=PASS

^suite="P129_RECURSIVE_META_EVOLUTION"
^timestamp="2026-08-09T17:15:44.225Z"
^evidence_dir="audit/p129_evidence/"

~Metrics {
  recursive_improvement_rate="100.0%"
  meta_edit_validity=TRUE
  mechanism_self_consistency=TRUE
  identity_preservation_under_self_modification=TRUE
  heldout_only_validation=TRUE
}

~GenerationLog {
  gen_1="learner_v0.1 baseline"
  gen_2="learner_v0.2 +clamp +NaNGuard (self-proposed, held-out validated)"
  gen_n="4 verificacoes"
}


~Result_1 { id="P129_01" name="Recursive Improvement Acceptance" status="PASS" }


~Result_2 { id="P129_02" name="Self-Modification Validity" status="PASS" }


~Result_3 { id="P129_03" name="Meta-Regression Guard (Identity under Self-Modification)" status="PASS" }


~Result_4 { id="P129_04" name="Mechanism Self-Consistency" status="PASS" }
